# ORCHESTRA-OS updated-checklist campaign command log
campaign_id=20260903-010534-redshadow-updated-checklist
2026-09-03T01:07:04+05:30	/home/aether/Documents/ORCHESTRA-OS-final	pwd	0	artifacts/real-world/20260903-010534-redshadow-updated-checklist/raw/pwd.stdout	artifacts/real-world/20260903-010534-redshadow-updated-checklist/raw/pwd.stderr
2026-09-03T01:07:04+05:30	/home/aether/Documents/ORCHESTRA-OS-final	repo_root	0	artifacts/real-world/20260903-010534-redshadow-updated-checklist/raw/repo_root.stdout	artifacts/real-world/20260903-010534-redshadow-updated-checklist/raw/repo_root.stderr
2026-09-03T01:07:04+05:30	/home/aether/Documents/ORCHESTRA-OS-final	repo_head	0	artifacts/real-world/20260903-010534-redshadow-updated-checklist/raw/repo_head.stdout	artifacts/real-world/20260903-010534-redshadow-updated-checklist/raw/repo_head.stderr
2026-09-03T01:07:04+05:30	/home/aether/Documents/ORCHESTRA-OS-final	repo_branch	0	artifacts/real-world/20260903-010534-redshadow-updated-checklist/raw/repo_branch.stdout	artifacts/real-world/20260903-010534-redshadow-updated-checklist/raw/repo_branch.stderr
2026-09-03T01:07:04+05:30	/home/aether/Documents/ORCHESTRA-OS-final	repo_status	0	artifacts/real-world/20260903-010534-redshadow-updated-checklist/raw/repo_status.stdout	artifacts/real-world/20260903-010534-redshadow-updated-checklist/raw/repo_status.stderr
2026-09-03T01:07:04+05:30	/home/aether/Documents/ORCHESTRA-OS-final	repo_commit_date	0	artifacts/real-world/20260903-010534-redshadow-updated-checklist/raw/repo_commit_date.stdout	artifacts/real-world/20260903-010534-redshadow-updated-checklist/raw/repo_commit_date.stderr
2026-09-03T01:07:04+05:30	/home/aether/Documents/ORCHESTRA-OS-final	date	0	artifacts/real-world/20260903-010534-redshadow-updated-checklist/raw/date.stdout	artifacts/real-world/20260903-010534-redshadow-updated-checklist/raw/date.stderr
2026-09-03T01:07:04+05:30	/home/aether/Documents/ORCHESTRA-OS-final	hostname	0	artifacts/real-world/20260903-010534-redshadow-updated-checklist/raw/hostname.stdout	artifacts/real-world/20260903-010534-redshadow-updated-checklist/raw/hostname.stderr
2026-09-03T01:07:04+05:30	/home/aether/Documents/ORCHESTRA-OS-final	hostnamectl	0	artifacts/real-world/20260903-010534-redshadow-updated-checklist/raw/hostnamectl.stdout	artifacts/real-world/20260903-010534-redshadow-updated-checklist/raw/hostnamectl.stderr
2026-09-03T01:07:05+05:30	/home/aether/Documents/ORCHESTRA-OS-final	uname	0	artifacts/real-world/20260903-010534-redshadow-updated-checklist/raw/uname.stdout	artifacts/real-world/20260903-010534-redshadow-updated-checklist/raw/uname.stderr
2026-09-03T01:07:05+05:30	/home/aether/Documents/ORCHESTRA-OS-final	kernel	0	artifacts/real-world/20260903-010534-redshadow-updated-checklist/raw/kernel.stdout	artifacts/real-world/20260903-010534-redshadow-updated-checklist/raw/kernel.stderr
2026-09-03T01:07:05+05:30	/home/aether/Documents/ORCHESTRA-OS-final	os_release	0	artifacts/real-world/20260903-010534-redshadow-updated-checklist/raw/os_release.stdout	artifacts/real-world/20260903-010534-redshadow-updated-checklist/raw/os_release.stderr
2026-09-03T01:07:05+05:30	/home/aether/Documents/ORCHESTRA-OS-final	lscpu	0	artifacts/real-world/20260903-010534-redshadow-updated-checklist/raw/lscpu.stdout	artifacts/real-world/20260903-010534-redshadow-updated-checklist/raw/lscpu.stderr
2026-09-03T01:07:05+05:30	/home/aether/Documents/ORCHESTRA-OS-final	nproc	0	artifacts/real-world/20260903-010534-redshadow-updated-checklist/raw/nproc.stdout	artifacts/real-world/20260903-010534-redshadow-updated-checklist/raw/nproc.stderr
2026-09-03T01:07:05+05:30	/home/aether/Documents/ORCHESTRA-OS-final	memory	0	artifacts/real-world/20260903-010534-redshadow-updated-checklist/raw/memory.stdout	artifacts/real-world/20260903-010534-redshadow-updated-checklist/raw/memory.stderr
2026-09-03T01:07:05+05:30	/home/aether/Documents/ORCHESTRA-OS-final	block_devices	0	artifacts/real-world/20260903-010534-redshadow-updated-checklist/raw/block_devices.stdout	artifacts/real-world/20260903-010534-redshadow-updated-checklist/raw/block_devices.stderr
2026-09-03T01:07:05+05:30	/home/aether/Documents/ORCHESTRA-OS-final	disk	0	artifacts/real-world/20260903-010534-redshadow-updated-checklist/raw/disk.stdout	artifacts/real-world/20260903-010534-redshadow-updated-checklist/raw/disk.stderr
2026-09-03T01:07:05+05:30	/home/aether/Documents/ORCHESTRA-OS-final	cmdline	0	artifacts/real-world/20260903-010534-redshadow-updated-checklist/raw/cmdline.stdout	artifacts/real-world/20260903-010534-redshadow-updated-checklist/raw/cmdline.stderr
2026-09-03T01:07:05+05:30	/home/aether/Documents/ORCHESTRA-OS-final	topology_numactl	127	artifacts/real-world/20260903-010534-redshadow-updated-checklist/raw/topology_numactl.stdout	artifacts/real-world/20260903-010534-redshadow-updated-checklist/raw/topology_numactl.stderr
2026-09-03T01:07:05+05:30	/home/aether/Documents/ORCHESTRA-OS-final	topology_lstopo	0	artifacts/real-world/20260903-010534-redshadow-updated-checklist/raw/topology_lstopo.stdout	artifacts/real-world/20260903-010534-redshadow-updated-checklist/raw/topology_lstopo.stderr
2026-09-03T01:07:07+05:30	/home/aether/Documents/ORCHESTRA-OS-final	sensors	127	artifacts/real-world/20260903-010534-redshadow-updated-checklist/raw/sensors.stdout	artifacts/real-world/20260903-010534-redshadow-updated-checklist/raw/sensors.stderr
2026-09-03T01:07:07+05:30	/home/aether/Documents/ORCHESTRA-OS-final	cpupower	127	artifacts/real-world/20260903-010534-redshadow-updated-checklist/raw/cpupower.stdout	artifacts/real-world/20260903-010534-redshadow-updated-checklist/raw/cpupower.stderr
2026-09-03T01:07:07+05:30	/home/aether/Documents/ORCHESTRA-OS-final	ip_addr	0	artifacts/real-world/20260903-010534-redshadow-updated-checklist/raw/ip_addr.stdout	artifacts/real-world/20260903-010534-redshadow-updated-checklist/raw/ip_addr.stderr
2026-09-03T01:07:07+05:30	/home/aether/Documents/ORCHESTRA-OS-final	ip_route	0	artifacts/real-world/20260903-010534-redshadow-updated-checklist/raw/ip_route.stdout	artifacts/real-world/20260903-010534-redshadow-updated-checklist/raw/ip_route.stderr
2026-09-03T01:07:07+05:30	/home/aether/Documents/ORCHESTRA-OS-final	dmesg	0	artifacts/real-world/20260903-010534-redshadow-updated-checklist/raw/dmesg.stdout	artifacts/real-world/20260903-010534-redshadow-updated-checklist/raw/dmesg.stderr
2026-09-03T01:07:07+05:30	/home/aether/Documents/ORCHESTRA-OS-final	journal_kernel	0	artifacts/real-world/20260903-010534-redshadow-updated-checklist/raw/journal_kernel.stdout	artifacts/real-world/20260903-010534-redshadow-updated-checklist/raw/journal_kernel.stderr
2026-09-03T01:07:07+05:30	/home/aether/Documents/ORCHESTRA-OS-final	sudo_noninteractive	0	artifacts/real-world/20260903-010534-redshadow-updated-checklist/raw/sudo_noninteractive.stdout	artifacts/real-world/20260903-010534-redshadow-updated-checklist/raw/sudo_noninteractive.stderr
2026-09-03T01:07:07+05:30	/home/aether/Documents/ORCHESTRA-OS-final	sched_ext_state	0	artifacts/real-world/20260903-010534-redshadow-updated-checklist/raw/sched_ext_state.stdout	artifacts/real-world/20260903-010534-redshadow-updated-checklist/raw/sched_ext_state.stderr
2026-09-03T01:07:07+05:30	/home/aether/Documents/ORCHESTRA-OS-final	bpf_programs	0	artifacts/real-world/20260903-010534-redshadow-updated-checklist/raw/bpf_programs.stdout	artifacts/real-world/20260903-010534-redshadow-updated-checklist/raw/bpf_programs.stderr
2026-09-03T01:07:07+05:30	/home/aether/Documents/ORCHESTRA-OS-final	bpf_maps	0	artifacts/real-world/20260903-010534-redshadow-updated-checklist/raw/bpf_maps.stdout	artifacts/real-world/20260903-010534-redshadow-updated-checklist/raw/bpf_maps.stderr
2026-09-03T01:07:07+05:30	/home/aether/Documents/ORCHESTRA-OS-final	bpf_links	0	artifacts/real-world/20260903-010534-redshadow-updated-checklist/raw/bpf_links.stdout	artifacts/real-world/20260903-010534-redshadow-updated-checklist/raw/bpf_links.stderr
2026-09-03T01:07:07+05:30	/home/aether/Documents/ORCHESTRA-OS-final	bpf_pins	0	artifacts/real-world/20260903-010534-redshadow-updated-checklist/raw/bpf_pins.stdout	artifacts/real-world/20260903-010534-redshadow-updated-checklist/raw/bpf_pins.stderr
2026-09-03T01:07:07+05:30	/home/aether/Documents/ORCHESTRA-OS-final	tools	0	artifacts/real-world/20260903-010534-redshadow-updated-checklist/raw/tools.stdout	artifacts/real-world/20260903-010534-redshadow-updated-checklist/raw/tools.stderr
2026-09-03T01:07:37+05:30	/home/aether/Documents/ORCHESTRA-OS-final	id	0	artifacts/real-world/20260903-010534-redshadow-updated-checklist/build/id.stdout	artifacts/real-world/20260903-010534-redshadow-updated-checklist/build/id.stderr
2026-09-03T01:07:37+05:30	/home/aether/Documents/ORCHESTRA-OS-final	make_clean	0	artifacts/real-world/20260903-010534-redshadow-updated-checklist/build/make_clean.stdout	artifacts/real-world/20260903-010534-redshadow-updated-checklist/build/make_clean.stderr
2026-09-03T01:07:37+05:30	/home/aether/Documents/ORCHESTRA-OS-final	make_all	0	artifacts/real-world/20260903-010534-redshadow-updated-checklist/build/make_all.stdout	artifacts/real-world/20260903-010534-redshadow-updated-checklist/build/make_all.stderr
2026-09-03T01:07:40+05:30	/home/aether/Documents/ORCHESTRA-OS-final	make_check	2	artifacts/real-world/20260903-010534-redshadow-updated-checklist/build/make_check.stdout	artifacts/real-world/20260903-010534-redshadow-updated-checklist/build/make_check.stderr
2026-09-03T01:07:47+05:30	/home/aether/Documents/ORCHESTRA-OS-final	make_test	2	artifacts/real-world/20260903-010534-redshadow-updated-checklist/build/make_test.stdout	artifacts/real-world/20260903-010534-redshadow-updated-checklist/build/make_test.stderr
2026-09-03T01:07:53+05:30	/home/aether/Documents/ORCHESTRA-OS-final	sanity	0	artifacts/real-world/20260903-010534-redshadow-updated-checklist/build/sanity.stdout	artifacts/real-world/20260903-010534-redshadow-updated-checklist/build/sanity.stderr
2026-09-03T01:07:53+05:30	/home/aether/Documents/ORCHESTRA-OS-final	kernel_config	0	artifacts/real-world/20260903-010534-redshadow-updated-checklist/build/kernel_config.stdout	artifacts/real-world/20260903-010534-redshadow-updated-checklist/build/kernel_config.stderr
2026-09-03T01:07:54+05:30	/home/aether/Documents/ORCHESTRA-OS-final	security_scan	1	artifacts/real-world/20260903-010534-redshadow-updated-checklist/build/security_scan.stdout	artifacts/real-world/20260903-010534-redshadow-updated-checklist/build/security_scan.stderr
2026-09-03T01:07:57+05:30	/home/aether/Documents/ORCHESTRA-OS-final	source_contract	0	artifacts/real-world/20260903-010534-redshadow-updated-checklist/build/source_contract.stdout	artifacts/real-world/20260903-010534-redshadow-updated-checklist/build/source_contract.stderr
2026-09-03T01:09:31+05:30	/home/aether/Documents/ORCHESTRA-OS-final	build_userspace_bridge	rc=0	stdout=artifacts/real-world/20260903-010534-redshadow-updated-checklist/build/build_userspace_bridge.stdout	stderr=artifacts/real-world/20260903-010534-redshadow-updated-checklist/build/build_userspace_bridge.stderr
2026-09-03T01:09:41+05:30	/home/aether/Documents/ORCHESTRA-OS-final	test_unit	rc=0	stdout=artifacts/real-world/20260903-010534-redshadow-updated-checklist/build/test_unit.stdout	stderr=artifacts/real-world/20260903-010534-redshadow-updated-checklist/build/test_unit.stderr
2026-09-03T01:10:46+05:30	/home/aether/Documents/ORCHESTRA-OS-final	test_integration	rc=2	stdout=artifacts/real-world/20260903-010534-redshadow-updated-checklist/build/test_integration.stdout	stderr=artifacts/real-world/20260903-010534-redshadow-updated-checklist/build/test_integration.stderr
2026-09-03T01:11:18+05:30	/home/aether/Documents/ORCHESTRA-OS-final	build_kernel_stage7	rc=2	stdout=artifacts/real-world/20260903-010534-redshadow-updated-checklist/build/build_kernel_stage7.stdout	stderr=artifacts/real-world/20260903-010534-redshadow-updated-checklist/build/build_kernel_stage7.stderr
2026-09-03T01:11:05+05:30	/home/aether/Documents/ORCHESTRA-OS-final	security_test	rc=0	stdout=artifacts/real-world/20260903-010534-redshadow-updated-checklist/build/security_test.stdout	stderr=artifacts/real-world/20260903-010534-redshadow-updated-checklist/build/security_test.stderr
2026-09-03T01:11:28+05:30	/home/aether/Documents/ORCHESTRA-OS-final	check_doc_links	rc=0	stdout=artifacts/real-world/20260903-010534-redshadow-updated-checklist/build/check_doc_links.stdout	stderr=artifacts/real-world/20260903-010534-redshadow-updated-checklist/build/check_doc_links.stderr
2026-09-03T01:11:33+05:30	/home/aether/Documents/ORCHESTRA-OS-final	build_kernel_stage7_common	rc=2	stdout=artifacts/real-world/20260903-010534-redshadow-updated-checklist/build/build_kernel_stage7_common.stdout	stderr=artifacts/real-world/20260903-010534-redshadow-updated-checklist/build/build_kernel_stage7_common.stderr
2026-09-03T01:12:51+05:30	/home/aether/Documents/ORCHESTRA-OS-final	thermal_before	rc=0	stdout=artifacts/real-world/20260903-010534-redshadow-updated-checklist/baseline/thermal_before.stdout	stderr=artifacts/real-world/20260903-010534-redshadow-updated-checklist/baseline/thermal_before.stderr
2026-09-03T01:12:51+05:30	/home/aether/Documents/ORCHESTRA-OS-final	benchmark_smoke	rc=2	stdout=artifacts/real-world/20260903-010534-redshadow-updated-checklist/baseline/benchmark_smoke.stdout	stderr=artifacts/real-world/20260903-010534-redshadow-updated-checklist/baseline/benchmark_smoke.stderr
2026-09-03T01:12:51+05:30	/home/aether/Documents/ORCHESTRA-OS-final	thermal_after	rc=0	stdout=artifacts/real-world/20260903-010534-redshadow-updated-checklist/baseline/thermal_after.stdout	stderr=artifacts/real-world/20260903-010534-redshadow-updated-checklist/baseline/thermal_after.stderr
2026-09-03T01:13:04+05:30	/home/aether/Documents/ORCHESTRA-OS-final	benchmark_smoke_abs	rc=2	stdout=artifacts/real-world/20260903-010534-redshadow-updated-checklist/baseline/benchmark_smoke_abs.stdout	stderr=artifacts/real-world/20260903-010534-redshadow-updated-checklist/baseline/benchmark_smoke_abs.stderr
2026-09-03T01:13:16+05:30	/home/aether/Documents/ORCHESTRA-OS-final	benchmark_smoke_abs2	rc=2	stdout=artifacts/real-world/20260903-010534-redshadow-updated-checklist/baseline/benchmark_smoke_abs2.stdout	stderr=artifacts/real-world/20260903-010534-redshadow-updated-checklist/baseline/benchmark_smoke_abs2.stderr
2026-09-03T01:13:43+05:30	/home/aether/Documents/ORCHESTRA-OS-final	benchmark_smoke_var_tmp	rc=0	stdout=artifacts/real-world/20260903-010534-redshadow-updated-checklist/baseline/benchmark_smoke_var_tmp.stdout	stderr=artifacts/real-world/20260903-010534-redshadow-updated-checklist/baseline/benchmark_smoke_var_tmp.stderr
2026-09-03T01:14:01+05:30	/home/aether/Documents/ORCHESTRA-OS-final	p0_ownership_retest	rc=2	stdout=artifacts/real-world/20260903-010534-redshadow-updated-checklist/sched_ext/p0_ownership_retest.stdout	stderr=artifacts/real-world/20260903-010534-redshadow-updated-checklist/sched_ext/p0_ownership_retest.stderr
2026-09-03T01:14:15+05:30	/home/aether/Documents/ORCHESTRA-OS-final	check_system	rc=0	stdout=artifacts/real-world/20260903-010534-redshadow-updated-checklist/environment/check_system.stdout	stderr=artifacts/real-world/20260903-010534-redshadow-updated-checklist/environment/check_system.stderr
2026-09-03T01:14:15+05:30	/home/aether/Documents/ORCHESTRA-OS-final	check_system_json	rc=0	stdout=artifacts/real-world/20260903-010534-redshadow-updated-checklist/environment/check_system_json.stdout	stderr=artifacts/real-world/20260903-010534-redshadow-updated-checklist/environment/check_system_json.stderr
2026-09-03T01:14:15+05:30	/home/aether/Documents/ORCHESTRA-OS-final	check_system_strict	rc=0	stdout=artifacts/real-world/20260903-010534-redshadow-updated-checklist/environment/check_system_strict.stdout	stderr=artifacts/real-world/20260903-010534-redshadow-updated-checklist/environment/check_system_strict.stderr
2026-09-03T01:14:28+05:30	/home/aether/Documents/ORCHESTRA-OS-final	cli_version	rc=0	stdout=artifacts/real-world/20260903-010534-redshadow-updated-checklist/environment/cli_version.stdout	stderr=artifacts/real-world/20260903-010534-redshadow-updated-checklist/environment/cli_version.stderr
2026-09-03T01:14:28+05:30	/home/aether/Documents/ORCHESTRA-OS-final	cli_status	rc=0	stdout=artifacts/real-world/20260903-010534-redshadow-updated-checklist/environment/cli_status.stdout	stderr=artifacts/real-world/20260903-010534-redshadow-updated-checklist/environment/cli_status.stderr
2026-09-03T01:14:28+05:30	/home/aether/Documents/ORCHESTRA-OS-final	cli_check_system	rc=0	stdout=artifacts/real-world/20260903-010534-redshadow-updated-checklist/environment/cli_check_system.stdout	stderr=artifacts/real-world/20260903-010534-redshadow-updated-checklist/environment/cli_check_system.stderr
2026-09-03T01:14:57+05:30	/home/aether/Documents/ORCHESTRA-OS-final	build_kernel_stage7_exact	rc=0	stdout=artifacts/real-world/20260903-010534-redshadow-updated-checklist/build/build_kernel_stage7_exact.stdout	stderr=artifacts/real-world/20260903-010534-redshadow-updated-checklist/build/build_kernel_stage7_exact.stderr
2026-09-03T01:15:24+05:30	/home/aether/Documents/ORCHESTRA-OS-final	p0_ownership_retest_exact	rc=0	stdout=artifacts/real-world/20260903-010534-redshadow-updated-checklist/sched_ext/p0_ownership_retest_exact.stdout	stderr=artifacts/real-world/20260903-010534-redshadow-updated-checklist/sched_ext/p0_ownership_retest_exact.stderr
2026-09-03T01:16:06+05:30	/home/aether/Documents/ORCHESTRA-OS-final	full_compare_r1	rc=0	stdout=artifacts/real-world/20260903-010534-redshadow-updated-checklist/workload/full_compare_r1.stdout	stderr=artifacts/real-world/20260903-010534-redshadow-updated-checklist/workload/full_compare_r1.stderr
2026-09-03T01:16:24+05:30	/home/aether/Documents/ORCHESTRA-OS-final	full_compare_r2	rc=0	stdout=artifacts/real-world/20260903-010534-redshadow-updated-checklist/workload/full_compare_r2.stdout	stderr=artifacts/real-world/20260903-010534-redshadow-updated-checklist/workload/full_compare_r2.stderr
2026-09-03T01:16:44+05:30	/home/aether/Documents/ORCHESTRA-OS-final	full_compare_r3	rc=0	stdout=artifacts/real-world/20260903-010534-redshadow-updated-checklist/workload/full_compare_r3.stdout	stderr=artifacts/real-world/20260903-010534-redshadow-updated-checklist/workload/full_compare_r3.stderr
2026-09-03T01:17:21+05:30	/home/aether/Documents/ORCHESTRA-OS-final	stress_cfs_smoke	rc=0	stdout=artifacts/real-world/20260903-010534-redshadow-updated-checklist/stress/stress_cfs_smoke.stdout	stderr=artifacts/real-world/20260903-010534-redshadow-updated-checklist/stress/stress_cfs_smoke.stderr
2026-09-03T01:17:54+05:30	/home/aether/Documents/ORCHESTRA-OS-final	orchestra_load_for_stress	rc=0	stdout=artifacts/real-world/20260903-010534-redshadow-updated-checklist/stress/orchestra_load_for_stress.stdout	stderr=artifacts/real-world/20260903-010534-redshadow-updated-checklist/stress/orchestra_load_for_stress.stderr
2026-09-03T01:18:01+05:30	/home/aether/Documents/ORCHESTRA-OS-final	orchestra_state_after_load	rc=0	stdout=artifacts/real-world/20260903-010534-redshadow-updated-checklist/stress/orchestra_state_after_load.stdout	stderr=artifacts/real-world/20260903-010534-redshadow-updated-checklist/stress/orchestra_state_after_load.stderr
2026-09-03T01:18:02+05:30	/home/aether/Documents/ORCHESTRA-OS-final	stress_orchestra_smoke	rc=0	stdout=artifacts/real-world/20260903-010534-redshadow-updated-checklist/stress/stress_orchestra_smoke.stdout	stderr=artifacts/real-world/20260903-010534-redshadow-updated-checklist/stress/stress_orchestra_smoke.stderr
2026-09-03T01:18:19+05:30	/home/aether/Documents/ORCHESTRA-OS-final	orchestra_unload_after_stress	rc=0	stdout=artifacts/real-world/20260903-010534-redshadow-updated-checklist/stress/orchestra_unload_after_stress.stdout	stderr=artifacts/real-world/20260903-010534-redshadow-updated-checklist/stress/orchestra_unload_after_stress.stderr
2026-09-03T01:18:19+05:30	/home/aether/Documents/ORCHESTRA-OS-final	orchestra_state_after_unload	rc=0	stdout=artifacts/real-world/20260903-010534-redshadow-updated-checklist/stress/orchestra_state_after_unload.stdout	stderr=artifacts/real-world/20260903-010534-redshadow-updated-checklist/stress/orchestra_state_after_unload.stderr
2026-09-03T01:19:08+05:30	/home/aether/Documents/ORCHESTRA-OS-final	fault_scheduler_load	rc=0	stdout=artifacts/real-world/20260903-010534-redshadow-updated-checklist/security/fault_scheduler_load.stdout	stderr=artifacts/real-world/20260903-010534-redshadow-updated-checklist/security/fault_scheduler_load.stderr
2026-09-03T01:19:17+05:30	/home/aether/Documents/ORCHESTRA-OS-final	fault_state_loaded	rc=0	stdout=artifacts/real-world/20260903-010534-redshadow-updated-checklist/security/fault_state_loaded.stdout	stderr=artifacts/real-world/20260903-010534-redshadow-updated-checklist/security/fault_state_loaded.stderr
2026-09-03T01:19:17+05:30	/home/aether/Documents/ORCHESTRA-OS-final	fault_invalid_pid_opt_in	rc=6	stdout=artifacts/real-world/20260903-010534-redshadow-updated-checklist/security/fault_invalid_pid_opt_in.stdout	stderr=artifacts/real-world/20260903-010534-redshadow-updated-checklist/security/fault_invalid_pid_opt_in.stderr
2026-09-03T01:19:17+05:30	/home/aether/Documents/ORCHESTRA-OS-final	fault_invalid_action	rc=1	stdout=artifacts/real-world/20260903-010534-redshadow-updated-checklist/security/fault_invalid_action.stdout	stderr=artifacts/real-world/20260903-010534-redshadow-updated-checklist/security/fault_invalid_action.stderr
2026-09-03T01:19:17+05:30	/home/aether/Documents/ORCHESTRA-OS-final	fault_worker_opt_in	rc=0	stdout=artifacts/real-world/20260903-010534-redshadow-updated-checklist/security/fault_worker_opt_in.stdout	stderr=artifacts/real-world/20260903-010534-redshadow-updated-checklist/security/fault_worker_opt_in.stderr
2026-09-03T01:19:17+05:30	/home/aether/Documents/ORCHESTRA-OS-final	fault_invalid_cpu	rc=7	stdout=artifacts/real-world/20260903-010534-redshadow-updated-checklist/security/fault_invalid_cpu.stdout	stderr=artifacts/real-world/20260903-010534-redshadow-updated-checklist/security/fault_invalid_cpu.stderr
2026-09-03T01:19:17+05:30	/home/aether/Documents/ORCHESTRA-OS-final	fault_signal_valid	rc=0	stdout=artifacts/real-world/20260903-010534-redshadow-updated-checklist/security/fault_signal_valid.stdout	stderr=artifacts/real-world/20260903-010534-redshadow-updated-checklist/security/fault_signal_valid.stderr
2026-09-03T01:19:17+05:30	/home/aether/Documents/ORCHESTRA-OS-final	fault_signal_duplicate	rc=10	stdout=artifacts/real-world/20260903-010534-redshadow-updated-checklist/security/fault_signal_duplicate.stdout	stderr=artifacts/real-world/20260903-010534-redshadow-updated-checklist/security/fault_signal_duplicate.stderr
2026-09-03T01:19:17+05:30	/home/aether/Documents/ORCHESTRA-OS-final	fault_signal_out_of_range	rc=1	stdout=artifacts/real-world/20260903-010534-redshadow-updated-checklist/security/fault_signal_out_of_range.stdout	stderr=artifacts/real-world/20260903-010534-redshadow-updated-checklist/security/fault_signal_out_of_range.stderr
2026-09-03T01:19:17+05:30	/home/aether/Documents/ORCHESTRA-OS-final	fault_signal_require_run	rc=0	stdout=artifacts/real-world/20260903-010534-redshadow-updated-checklist/security/fault_signal_require_run.stdout	stderr=artifacts/real-world/20260903-010534-redshadow-updated-checklist/security/fault_signal_require_run.stderr
2026-09-03T01:19:17+05:30	/home/aether/Documents/ORCHESTRA-OS-final	fault_status_target	rc=0	stdout=artifacts/real-world/20260903-010534-redshadow-updated-checklist/security/fault_status_target.stdout	stderr=artifacts/real-world/20260903-010534-redshadow-updated-checklist/security/fault_status_target.stderr
2026-09-03T01:19:17+05:30	/home/aether/Documents/ORCHESTRA-OS-final	fault_scheduler_unload	rc=0	stdout=artifacts/real-world/20260903-010534-redshadow-updated-checklist/security/fault_scheduler_unload.stdout	stderr=artifacts/real-world/20260903-010534-redshadow-updated-checklist/security/fault_scheduler_unload.stderr
2026-09-03T01:19:17+05:30	/home/aether/Documents/ORCHESTRA-OS-final	fault_state_unloaded	rc=0	stdout=artifacts/real-world/20260903-010534-redshadow-updated-checklist/security/fault_state_unloaded.stdout	stderr=artifacts/real-world/20260903-010534-redshadow-updated-checklist/security/fault_state_unloaded.stderr
2026-09-03T01:19:36+05:30	/home/aether/Documents/ORCHESTRA-OS-final	controller_load	rc=0	stdout=artifacts/real-world/20260903-010534-redshadow-updated-checklist/controller/controller_load.stdout	stderr=artifacts/real-world/20260903-010534-redshadow-updated-checklist/controller/controller_load.stderr
2026-09-03T01:19:44+05:30	/home/aether/Documents/ORCHESTRA-OS-final	controller_state_loaded	rc=0	stdout=artifacts/real-world/20260903-010534-redshadow-updated-checklist/controller/controller_state_loaded.stdout	stderr=artifacts/real-world/20260903-010534-redshadow-updated-checklist/controller/controller_state_loaded.stderr
2026-09-03T01:19:44+05:30	/home/aether/Documents/ORCHESTRA-OS-final	policy_entry_run	rc=1	stdout=artifacts/real-world/20260903-010534-redshadow-updated-checklist/controller/policy_entry_run.stdout	stderr=artifacts/real-world/20260903-010534-redshadow-updated-checklist/controller/policy_entry_run.stderr
2026-09-03T01:19:44+05:30	/home/aether/Documents/ORCHESTRA-OS-final	policy_commit	rc=1	stdout=artifacts/real-world/20260903-010534-redshadow-updated-checklist/controller/policy_commit.stdout	stderr=artifacts/real-world/20260903-010534-redshadow-updated-checklist/controller/policy_commit.stderr
2026-09-03T01:19:44+05:30	/home/aether/Documents/ORCHESTRA-OS-final	controller_status_after_commit	rc=0	stdout=artifacts/real-world/20260903-010534-redshadow-updated-checklist/controller/controller_status_after_commit.stdout	stderr=artifacts/real-world/20260903-010534-redshadow-updated-checklist/controller/controller_status_after_commit.stderr
2026-09-03T01:19:44+05:30	/home/aether/Documents/ORCHESTRA-OS-final	policy_abort	rc=0	stdout=artifacts/real-world/20260903-010534-redshadow-updated-checklist/controller/policy_abort.stdout	stderr=artifacts/real-world/20260903-010534-redshadow-updated-checklist/controller/policy_abort.stderr
2026-09-03T01:19:44+05:30	/home/aether/Documents/ORCHESTRA-OS-final	controller_status_after_abort	rc=0	stdout=artifacts/real-world/20260903-010534-redshadow-updated-checklist/controller/controller_status_after_abort.stdout	stderr=artifacts/real-world/20260903-010534-redshadow-updated-checklist/controller/controller_status_after_abort.stderr
2026-09-03T01:19:44+05:30	/home/aether/Documents/ORCHESTRA-OS-final	controller_unload	rc=0	stdout=artifacts/real-world/20260903-010534-redshadow-updated-checklist/controller/controller_unload.stdout	stderr=artifacts/real-world/20260903-010534-redshadow-updated-checklist/controller/controller_unload.stderr
2026-09-03T01:19:44+05:30	/home/aether/Documents/ORCHESTRA-OS-final	controller_state_unloaded	rc=0	stdout=artifacts/real-world/20260903-010534-redshadow-updated-checklist/controller/controller_state_unloaded.stdout	stderr=artifacts/real-world/20260903-010534-redshadow-updated-checklist/controller/controller_state_unloaded.stderr
2026-09-03T01:20:05+05:30	/home/aether/Documents/ORCHESTRA-OS-final	controller_lifecycle_load	rc=0	stdout=artifacts/real-world/20260903-010534-redshadow-updated-checklist/controller/controller_lifecycle_load.stdout	stderr=artifacts/real-world/20260903-010534-redshadow-updated-checklist/controller/controller_lifecycle_load.stderr
2026-09-03T01:20:12+05:30	/home/aether/Documents/ORCHESTRA-OS-final	controller_lifecycle_state	rc=0	stdout=artifacts/real-world/20260903-010534-redshadow-updated-checklist/controller/controller_lifecycle_state.stdout	stderr=artifacts/real-world/20260903-010534-redshadow-updated-checklist/controller/controller_lifecycle_state.stderr
2026-09-03T01:20:12+05:30	/home/aether/Documents/ORCHESTRA-OS-final	policy_stage_train	rc=0	stdout=artifacts/real-world/20260903-010534-redshadow-updated-checklist/controller/policy_stage_train.stdout	stderr=artifacts/real-world/20260903-010534-redshadow-updated-checklist/controller/policy_stage_train.stderr
2026-09-03T01:20:12+05:30	/home/aether/Documents/ORCHESTRA-OS-final	policy_commit_adapt	rc=0	stdout=artifacts/real-world/20260903-010534-redshadow-updated-checklist/controller/policy_commit_adapt.stdout	stderr=artifacts/real-world/20260903-010534-redshadow-updated-checklist/controller/policy_commit_adapt.stderr
2026-09-03T01:20:12+05:30	/home/aether/Documents/ORCHESTRA-OS-final	controller_status_after_commit	rc=0	stdout=artifacts/real-world/20260903-010534-redshadow-updated-checklist/controller/controller_status_after_commit.stdout	stderr=artifacts/real-world/20260903-010534-redshadow-updated-checklist/controller/controller_status_after_commit.stderr
2026-09-03T01:20:12+05:30	/home/aether/Documents/ORCHESTRA-OS-final	policy_abort_after_commit	rc=0	stdout=artifacts/real-world/20260903-010534-redshadow-updated-checklist/controller/policy_abort_after_commit.stdout	stderr=artifacts/real-world/20260903-010534-redshadow-updated-checklist/controller/policy_abort_after_commit.stderr
2026-09-03T01:20:12+05:30	/home/aether/Documents/ORCHESTRA-OS-final	controller_status_after_abort	rc=0	stdout=artifacts/real-world/20260903-010534-redshadow-updated-checklist/controller/controller_status_after_abort.stdout	stderr=artifacts/real-world/20260903-010534-redshadow-updated-checklist/controller/controller_status_after_abort.stderr
2026-09-03T01:20:13+05:30	/home/aether/Documents/ORCHESTRA-OS-final	controller_lifecycle_unload	rc=0	stdout=artifacts/real-world/20260903-010534-redshadow-updated-checklist/controller/controller_lifecycle_unload.stdout	stderr=artifacts/real-world/20260903-010534-redshadow-updated-checklist/controller/controller_lifecycle_unload.stderr
2026-09-03T01:20:13+05:30	/home/aether/Documents/ORCHESTRA-OS-final	controller_lifecycle_state_after_unload	rc=0	stdout=artifacts/real-world/20260903-010534-redshadow-updated-checklist/controller/controller_lifecycle_state_after_unload.stdout	stderr=artifacts/real-world/20260903-010534-redshadow-updated-checklist/controller/controller_lifecycle_state_after_unload.stderr
2026-09-03T01:20:29+05:30	/home/aether/Documents/ORCHESTRA-OS-final	rt_guard_load	rc=0	stdout=artifacts/real-world/20260903-010534-redshadow-updated-checklist/kernel/rt_guard_load.stdout	stderr=artifacts/real-world/20260903-010534-redshadow-updated-checklist/kernel/rt_guard_load.stderr
2026-09-03T01:20:37+05:30	/home/aether/Documents/ORCHESTRA-OS-final	rt_policy_snapshot	rc=0	stdout=artifacts/real-world/20260903-010534-redshadow-updated-checklist/kernel/rt_policy_snapshot.stdout	stderr=artifacts/real-world/20260903-010534-redshadow-updated-checklist/kernel/rt_policy_snapshot.stderr
2026-09-03T01:20:37+05:30	/home/aether/Documents/ORCHESTRA-OS-final	rt_opt_in_rejected	rc=6	stdout=artifacts/real-world/20260903-010534-redshadow-updated-checklist/kernel/rt_opt_in_rejected.stdout	stderr=artifacts/real-world/20260903-010534-redshadow-updated-checklist/kernel/rt_opt_in_rejected.stderr
2026-09-03T01:20:37+05:30	/home/aether/Documents/ORCHESTRA-OS-final	rt_status_after_reject	rc=6	stdout=artifacts/real-world/20260903-010534-redshadow-updated-checklist/kernel/rt_status_after_reject.stdout	stderr=artifacts/real-world/20260903-010534-redshadow-updated-checklist/kernel/rt_status_after_reject.stderr
2026-09-03T01:20:37+05:30	/home/aether/Documents/ORCHESTRA-OS-final	rt_guard_unload	rc=0	stdout=artifacts/real-world/20260903-010534-redshadow-updated-checklist/kernel/rt_guard_unload.stdout	stderr=artifacts/real-world/20260903-010534-redshadow-updated-checklist/kernel/rt_guard_unload.stderr
2026-09-03T01:20:37+05:30	/home/aether/Documents/ORCHESTRA-OS-final	rt_state_after_unload	rc=0	stdout=artifacts/real-world/20260903-010534-redshadow-updated-checklist/kernel/rt_state_after_unload.stdout	stderr=artifacts/real-world/20260903-010534-redshadow-updated-checklist/kernel/rt_state_after_unload.stderr
2026-09-03T01:20:52+05:30	/home/aether/Documents/ORCHESTRA-OS-final	rt_guard_retry_load	rc=0	stdout=artifacts/real-world/20260903-010534-redshadow-updated-checklist/kernel/rt_guard_retry_load.stdout	stderr=artifacts/real-world/20260903-010534-redshadow-updated-checklist/kernel/rt_guard_retry_load.stderr
2026-09-03T01:21:00+05:30	/home/aether/Documents/ORCHESTRA-OS-final	rt_retry_policy_snapshot	rc=0	stdout=artifacts/real-world/20260903-010534-redshadow-updated-checklist/kernel/rt_retry_policy_snapshot.stdout	stderr=artifacts/real-world/20260903-010534-redshadow-updated-checklist/kernel/rt_retry_policy_snapshot.stderr
2026-09-03T01:21:00+05:30	/home/aether/Documents/ORCHESTRA-OS-final	rt_retry_opt_in_rejected	rc=6	stdout=artifacts/real-world/20260903-010534-redshadow-updated-checklist/kernel/rt_retry_opt_in_rejected.stdout	stderr=artifacts/real-world/20260903-010534-redshadow-updated-checklist/kernel/rt_retry_opt_in_rejected.stderr
2026-09-03T01:21:00+05:30	/home/aether/Documents/ORCHESTRA-OS-final	rt_retry_status_after_reject	rc=6	stdout=artifacts/real-world/20260903-010534-redshadow-updated-checklist/kernel/rt_retry_status_after_reject.stdout	stderr=artifacts/real-world/20260903-010534-redshadow-updated-checklist/kernel/rt_retry_status_after_reject.stderr
2026-09-03T01:21:00+05:30	/home/aether/Documents/ORCHESTRA-OS-final	rt_guard_retry_unload	rc=0	stdout=artifacts/real-world/20260903-010534-redshadow-updated-checklist/kernel/rt_guard_retry_unload.stdout	stderr=artifacts/real-world/20260903-010534-redshadow-updated-checklist/kernel/rt_guard_retry_unload.stderr
2026-09-03T01:21:00+05:30	/home/aether/Documents/ORCHESTRA-OS-final	rt_retry_state_after_unload	rc=0	stdout=artifacts/real-world/20260903-010534-redshadow-updated-checklist/kernel/rt_retry_state_after_unload.stdout	stderr=artifacts/real-world/20260903-010534-redshadow-updated-checklist/kernel/rt_retry_state_after_unload.stderr
2026-09-03T01:21:25+05:30	/home/aether/Documents/ORCHESTRA-OS-final	rt_guard_live_load	rc=0	stdout=artifacts/real-world/20260903-010534-redshadow-updated-checklist/kernel/rt_guard_live_load.stdout	stderr=artifacts/real-world/20260903-010534-redshadow-updated-checklist/kernel/rt_guard_live_load.stderr
2026-09-03T01:21:29+05:30	/home/aether/Documents/ORCHESTRA-OS-final	rt_live_normal_status	rc=0	stdout=artifacts/real-world/20260903-010534-redshadow-updated-checklist/kernel/rt_live_normal_status.stdout	stderr=artifacts/real-world/20260903-010534-redshadow-updated-checklist/kernel/rt_live_normal_status.stderr
2026-09-03T01:21:29+05:30	/home/aether/Documents/ORCHESTRA-OS-final	rt_live_opt_in	rc=0	stdout=artifacts/real-world/20260903-010534-redshadow-updated-checklist/kernel/rt_live_opt_in.stdout	stderr=artifacts/real-world/20260903-010534-redshadow-updated-checklist/kernel/rt_live_opt_in.stderr
2026-09-03T01:21:29+05:30	/home/aether/Documents/ORCHESTRA-OS-final	rt_live_set_fifo	rc=0	stdout=artifacts/real-world/20260903-010534-redshadow-updated-checklist/kernel/rt_live_set_fifo.stdout	stderr=artifacts/real-world/20260903-010534-redshadow-updated-checklist/kernel/rt_live_set_fifo.stderr
2026-09-03T01:21:29+05:30	/home/aether/Documents/ORCHESTRA-OS-final	rt_live_fifo_status	rc=0	stdout=artifacts/real-world/20260903-010534-redshadow-updated-checklist/kernel/rt_live_fifo_status.stdout	stderr=artifacts/real-world/20260903-010534-redshadow-updated-checklist/kernel/rt_live_fifo_status.stderr
2026-09-03T01:21:29+05:30	/home/aether/Documents/ORCHESTRA-OS-final	rt_live_publish_rejected	rc=6	stdout=artifacts/real-world/20260903-010534-redshadow-updated-checklist/kernel/rt_live_publish_rejected.stdout	stderr=artifacts/real-world/20260903-010534-redshadow-updated-checklist/kernel/rt_live_publish_rejected.stderr
2026-09-03T01:21:29+05:30	/home/aether/Documents/ORCHESTRA-OS-final	rt_guard_live_unload	rc=0	stdout=artifacts/real-world/20260903-010534-redshadow-updated-checklist/kernel/rt_guard_live_unload.stdout	stderr=artifacts/real-world/20260903-010534-redshadow-updated-checklist/kernel/rt_guard_live_unload.stderr
2026-09-03T01:21:29+05:30	/home/aether/Documents/ORCHESTRA-OS-final	rt_live_state_after_unload	rc=0	stdout=artifacts/real-world/20260903-010534-redshadow-updated-checklist/kernel/rt_live_state_after_unload.stdout	stderr=artifacts/real-world/20260903-010534-redshadow-updated-checklist/kernel/rt_live_state_after_unload.stderr
2026-09-03T01:22:56+05:30	/home/aether/Documents/ORCHESTRA-OS-final	host_extended_inventory	rc=0	stdout=artifacts/real-world/20260903-010534-redshadow-updated-checklist/environment/host_extended_inventory.stdout	stderr=artifacts/real-world/20260903-010534-redshadow-updated-checklist/environment/host_extended_inventory.stderr
2026-09-03T01:22:58+05:30	/home/aether/Documents/ORCHESTRA-OS-final	source_license_inventory	rc=0	stdout=artifacts/real-world/20260903-010534-redshadow-updated-checklist/environment/source_license_inventory.stdout	stderr=artifacts/real-world/20260903-010534-redshadow-updated-checklist/environment/source_license_inventory.stderr
2026-09-03T01:23:12+05:30	/home/aether/Documents/ORCHESTRA-OS-final	linux_baseline_snapshot	rc=0	stdout=artifacts/real-world/20260903-010534-redshadow-updated-checklist/baseline/linux_baseline_snapshot.stdout	stderr=artifacts/real-world/20260903-010534-redshadow-updated-checklist/baseline/linux_baseline_snapshot.stderr
2026-09-03T01:23:18+05:30	/home/aether/Documents/ORCHESTRA-OS-final	ftrace_sched_ext_inventory	rc=0	stdout=artifacts/real-world/20260903-010534-redshadow-updated-checklist/baseline/ftrace_sched_ext_inventory.stdout	stderr=artifacts/real-world/20260903-010534-redshadow-updated-checklist/baseline/ftrace_sched_ext_inventory.stderr
2026-09-03T01:23:18+05:30	/home/aether/Documents/ORCHESTRA-OS-final	standard_observability_snapshot	rc=0	stdout=artifacts/real-world/20260903-010534-redshadow-updated-checklist/baseline/standard_observability_snapshot.stdout	stderr=artifacts/real-world/20260903-010534-redshadow-updated-checklist/baseline/standard_observability_snapshot.stderr
2026-09-03T01:24:59+05:30	/home/aether/Documents/ORCHESTRA-OS-final	full_compare_mixed_r1	rc=0	stdout=artifacts/real-world/20260903-010534-redshadow-updated-checklist/workload/full_compare_mixed_r1.stdout	stderr=artifacts/real-world/20260903-010534-redshadow-updated-checklist/workload/full_compare_mixed_r1.stderr
